
> client@0.0.0 build
> vite build

[36mvite v8.1.2 [32mbuilding client environment for production...[36m[39m
[2K
transforming...Γ£ô 1109 modules transformed.
rendering chunks...
node.exe : [31mΓ£ù[39m Build failed in 406ms
At line:1 char:1
+ & "D:\Full stack/node.exe" "D:\Full stack/node_modules/npm/bin/npm-cl ...
+ ~~~~~~~~~~~~~~~~~~~~~~~~~~~~~~~~~~~~~~~~~~~~~~~~~~~~~~~~~~~~~~~~~~~~~
    + CategoryInfo          : NotSpecified: ([31mΓ£ù[39m Build failed in 406ms:String) [], RemoteException
    + FullyQualifiedErrorId : NativeCommandError
 
[31merror during build:
[31mBuild failed with 61 errors:

[31m[MISSING_EXPORT] [0m"Heartbeat" is not exported by "node_modules/lucide-react/dist/esm/lucide-react.mjs".
   [38;5;246mΓò¡[0m[38;5;246mΓöÇ[0m[38;5;246m[[0m src/components/routes/LoadingScreen.jsx:3:19 [38;5;246m][0m
   [38;5;246mΓöé[0m
 [38;5;246m3 Γöé[0m 
[38;5;249mi[0m[38;5;249mm[0m[38;5;249mp[0m[38;5;249mo[0m[38;5;249mr[0m[38;5;249mt[0m[38;5;249m 
[0m[38;5;249m{[0m[38;5;249m [0m[38;5;249mL[0m[38;5;249mo[0m[38;5;249ma[0m[38;5;249md[0m[38;5;249me[0m[3
8;5;249mr[0m[38;5;249m2[0m[38;5;249m,[0m[38;5;249m [0mHeartbeat[38;5;249m [0m[38;5;249m}[0m[38;5;249m 
[0m[38;5;249mf[0m[38;5;249mr[0m[38;5;249mo[0m[38;5;249mm[0m[38;5;249m [0m[38;5;249m"[0m[38;5;249ml[0m[3
8;5;249mu[0m[38;5;249mc[0m[38;5;249mi[0m[38;5;249md[0m[38;5;249me[0m[38;5;249m-[0m[38;5;249mr[0m[38;5;249
me[0m[38;5;249ma[0m[38;5;249mc[0m[38;5;249mt[0m[38;5;249m"[0m[38;5;249m;[0m
 [38;5;240m  Γöé[0m                   ΓöÇΓöÇΓöÇΓöÇΓö¼ΓöÇΓöÇΓöÇΓöÇ  
 [38;5;240m  Γöé[0m                       Γò░ΓöÇΓöÇΓöÇΓöÇΓöÇΓöÇ Missing export
[38;5;246mΓöÇΓöÇΓöÇΓò»[0m

[31m[MISSING_EXPORT] [0m"buildComparison" is not exported by "src/services/simulatorService.js".
    [38;5;246mΓò¡[0m[38;5;246mΓöÇ[0m[38;5;246m[[0m src/pages/Simulator/HealthSimulatorPage.jsx:13:10 
[38;5;246m][0m
    [38;5;246mΓöé[0m
 [38;5;246m13 Γöé[0m 
[38;5;249mi[0m[38;5;249mm[0m[38;5;249mp[0m[38;5;249mo[0m[38;5;249mr[0m[38;5;249mt[0m[38;5;249m 
[0m[38;5;249m{[0m[38;5;249m [0mbuildComparison[38;5;249m,[0m[38;5;249m [0m[38;5;249mb[0m[38;5;249mu[0m[38
;5;249mi[0m[38;5;249ml[0m[38;5;249md[0m[38;5;249mL[0m[38;5;249mi[0m[38;5;249mf[0m[38;5;249me[0m[38;5;249m
s[0m[38;5;249mt[0m[38;5;249my[0m[38;5;249ml[0m[38;5;249me[0m[38;5;249mI[0m[38;5;249mm[0m[38;5;249mp[0m[
38;5;249mr[0m[38;5;249mo[0m[38;5;249mv[0m[38;5;249me[0m[38;5;249mm[0m[38;5;249me[0m[38;5;249mn[0m[38;5;24
9mt[0m[38;5;249mD[0m[38;5;249ma[0m[38;5;249mt[0m[38;5;249ma[0m[38;5;249m,[0m[38;5;249m [0m[38;5;249mb[0m
[38;5;249mu[0m[38;5;249mi[0m[38;5;249ml[0m[38;5;249md[0m[38;5;249mT[0m[38;5;249mr[0m[38;5;249me[0m[38;5;
249mn[0m[38;5;249md[0m[38;5;249mD[0m[38;5;249ma[0m[38;5;249mt[0m[38;5;249ma[0m[38;5;249m,[0m[38;5;249m [
0m[38;5;249mc[0m[38;5;249mo[0m[38;5;249mm[0m[38;5;249mp[0m[38;5;249mu[0m[38;5;249mt[0m[38;5;249me[0m[38;
5;249mB[0m[38;5;249mm[0m[38;5;249mi[0m[38;5;249m,[0m[38;5;249m [0m[38;5;249mg[0m[38;5;249me[0m[38;5;249mn
[0m[38;5;249me[0m[38;5;249mr[0m[38;5;249ma[0m[38;5;249mt[0m[38;5;249me[0m[38;5;249mR[0m[38;5;249me[0m[3
8;5;249mc[0m[38;5;249mo[0m[38;5;249mm[0m[38;5;249mm[0m[38;5;249me[0m[38;5;249mn[0m[38;5;249md[0m[38;5;249
ma[0m[38;5;249mt[0m[38;5;249mi[0m[38;5;249mo[0m[38;5;249mn[0m[38;5;249ms[0m[38;5;249m,[0m[38;5;249m [0m
[38;5;249mr[0m[38;5;249mu[0m[38;5;249mn[0m[38;5;249mS[0m[38;5;249mi[0m[38;5;249mm[0m[38;5;249mu[0m[38;5;2
49ml[0m[38;5;249ma[0m[38;5;249mt[0m[38;5;249mi[0m[38;5;249mo[0m[38;5;249mn[0m[38;5;249m,[0m[38;5;249m [0
m[38;5;249ms[0m[38;5;249ma[0m[38;5;249mv[0m[38;5;249me[0m[38;5;249mS[0m[38;5;249mi[0m[38;5;249mm[0m[38;5
;249mu[0m[38;5;249ml[0m[38;5;249ma[0m[38;5;249mt[0m[38;5;249mi[0m[38;5;249mo[0m[38;5;249mn[0m[38;5;249mS
[0m[38;5;249mn[0m[38;5;249ma[0m[38;5;249mp[0m[38;5;249ms[0m[38;5;249mh[0m[38;5;249mo[0m[38;5;249mt[0m[38
;5;249m [0m[38;5;249m}[0m[38;5;249m 
[0m[38;5;249mf[0m[38;5;249mr[0m[38;5;249mo[0m[38;5;249mm[0m[38;5;249m [0m[38;5;249m"[0m[38;5;249m.[0m[3
8;5;249m.[0m[38;5;249m/[0m[38;5;249m.[0m[38;5;249m.[0m[38;5;249m/[0m[38;5;249ms[0m[38;5;249me[0m[38;5;249
mr[0m[38;5;249mv[0m[38;5;249mi[0m[38;5;249mc[0m[38;5;249me[0m[38;5;249ms[0m[38;5;249m/[0m[38;5;249ms[0m
[38;5;249mi[0m[38;5;249mm[0m[38;5;249mu[0m[38;5;249ml[0m[38;5;249ma[0m[38;5;249mt[0m[38;5;249mo[0m[38;5;2
49mr[0m[38;5;249mS[0m[38;5;249me[0m[38;5;249mr[0m[38;5;249mv[0m[38;5;249mi[0m[38;5;249mc[0m[38;5;249me[0
m[38;5;249m"[0m[38;5;249m;[0m
 [38;5;240m   Γöé[0m          ΓöÇΓöÇΓöÇΓöÇΓöÇΓöÇΓöÇΓö¼ΓöÇΓöÇΓöÇΓöÇΓöÇΓöÇΓöÇ  
 [38;5;240m   Γöé[0m                 Γò░ΓöÇΓöÇΓöÇΓöÇΓöÇΓöÇΓöÇΓöÇΓöÇ Missing export
[38;5;246mΓöÇΓöÇΓöÇΓöÇΓò»[0m

[31m[MISSING_EXPORT] [0m"buildLifestyleImprovementData" is not exported by "src/services/simulatorService.js".
    [38;5;246mΓò¡[0m[38;5;246mΓöÇ[0m[38;5;246m[[0m src/pages/Simulator/HealthSimulatorPage.jsx:13:27 
[38;5;246m][0m
    [38;5;246mΓöé[0m
 [38;5;246m13 Γöé[0m 
[38;5;249mi[0m[38;5;249mm[0m[38;5;249mp[0m[38;5;249mo[0m[38;5;249mr[0m[38;5;249mt[0m[38;5;249m 
[0m[38;5;249m{[0m[38;5;249m [0m[38;5;249mb[0m[38;5;249mu[0m[38;5;249mi[0m[38;5;249ml[0m[38;5;249md[0m[3
8;5;249mC[0m[38;5;249mo[0m[38;5;249mm[0m[38;5;249mp[0m[38;5;249ma[0m[38;5;249mr[0m[38;5;249mi[0m[38;5;249
ms[0m[38;5;249mo[0m[38;5;249mn[0m[38;5;249m,[0m[38;5;249m 
[0mbuildLifestyleImprovementData[38;5;249m,[0m[38;5;249m [0m[38;5;249mb[0m[38;5;249mu[0m[38;5;249mi[0m[38;5
;249ml[0m[38;5;249md[0m[38;5;249mT[0m[38;5;249mr[0m[38;5;249me[0m[38;5;249mn[0m[38;5;249md[0m[38;5;249mD
[0m[38;5;249ma[0m[38;5;249mt[0m[38;5;249ma[0m[38;5;249m,[0m[38;5;249m [0m[38;5;249mc[0m[38;5;249mo[0m[38
;5;249mm[0m[38;5;249mp[0m[38;5;249mu[0m[38;5;249mt[0m[38;5;249me[0m[38;5;249mB[0m[38;5;249mm[0m[38;5;249m
i[0m[38;5;249m,[0m[38;5;249m [0m[38;5;249mg[0m[38;5;249me[0m[38;5;249mn[0m[38;5;249me[0m[38;5;249mr[0m[
38;5;249ma[0m[38;5;249mt[0m[38;5;249me[0m[38;5;249mR[0m[38;5;249me[0m[38;5;249mc[0m[38;5;249mo[0m[38;5;24
9mm[0m[38;5;249mm[0m[38;5;249me[0m[38;5;249mn[0m[38;5;249md[0m[38;5;249ma[0m[38;5;249mt[0m[38;5;249mi[0m
[38;5;249mo[0m[38;5;249mn[0m[38;5;249ms[0m[38;5;249m,[0m[38;5;249m [0m[38;5;249mr[0m[38;5;249mu[0m[38;5;
249mn[0m[38;5;249mS[0m[38;5;249mi[0m[38;5;249mm[0m[38;5;249mu[0m[38;5;249ml[0m[38;5;249ma[0m[38;5;249mt[
0m[38;5;249mi[0m[38;5;249mo[0m[38;5;249mn[0m[38;5;249m,[0m[38;5;249m [0m[38;5;249ms[0m[38;5;249ma[0m[38;
5;249mv[0m[38;5;249me[0m[38;5;249mS[0m[38;5;249mi[0m[38;5;249mm[0m[38;5;249mu[0m[38;5;249ml[0m[38;5;249ma
[0m[38;5;249mt[0m[38;5;249mi[0m[38;5;249mo[0m[38;5;249mn[0m[38;5;249mS[0m[38;5;249mn[0m[38;5;249ma[0m[3
8;5;249mp[0m[38;5;249ms[0m[38;5;249mh[0m[38;5;249mo[0m[38;5;249mt[0m[38;5;249m 
[0m[38;5;249m}[0m[38;5;249m [0m[38;5;249mf[0m[38;5;249mr[0m[38;5;249mo[0m[38;5;249mm[0m[38;5;249m [0m[3
8;5;249m"[0m[38;5;249m.[0m[38;5;249m.[0m[38;5;249m/[0m[38;5;249m.[0m[38;5;249m.[0m[38;5;249m/[0m[38;5;249
ms[0m[38;5;249me[0m[38;5;249mr[0m[38;5;249mv[0m[38;5;249mi[0m[38;5;249mc[0m[38;5;249me[0m[38;5;249ms[0m
[38;5;249m/[0m[38;5;249ms[0m[38;5;249mi[0m[38;5;249mm[0m[38;5;249mu[0m[38;5;249ml[0m[38;5;249ma[0m[38;5;2
49mt[0m[38;5;249mo[0m[38;5;249mr[0m[38;5;249mS[0m[38;5;249me[0m[38;5;249mr[0m[38;5;249mv[0m[38;5;249mi[0
m[38;5;249mc[0m[38;5;249me[0m[38;5;249m"[0m[38;5;249m;[0m
 [38;5;240m   Γöé[0m                           
ΓöÇΓöÇΓöÇΓöÇΓöÇΓöÇΓöÇΓöÇΓöÇΓöÇΓöÇΓöÇΓöÇΓöÇΓö¼ΓöÇΓöÇΓöÇΓöÇΓöÇΓöÇΓöÇΓöÇΓöÇΓöÇΓöÇΓöÇΓöÇΓöÇ  
 [38;5;240m   Γöé[0m                                         Γò░ΓöÇΓöÇΓöÇΓöÇΓöÇΓöÇΓöÇΓöÇΓöÇΓöÇΓöÇΓöÇΓöÇΓöÇΓöÇΓöÇ 
Missing export
[38;5;246mΓöÇΓöÇΓöÇΓöÇΓò»[0m

[31m[MISSING_EXPORT] [0m"buildTrendData" is not exported by "src/services/simulatorService.js".
    [38;5;246mΓò¡[0m[38;5;246mΓöÇ[0m[38;5;246m[[0m src/pages/Simulator/HealthSimulatorPage.jsx:13:58 
[38;5;246m][0m
    [38;5;246mΓöé[0m
 [38;5;246m13 Γöé[0m 
[38;5;249mi[0m[38;5;249mm[0m[38;5;249mp[0m[38;5;249mo[0m[38;5;249mr[0m[38;5;249mt[0m[38;5;249m 
[0m[38;5;249m{[0m[38;5;249m [0m[38;5;249mb[0m[38;5;249mu[0m[38;5;249mi[0m[38;5;249ml[0m[38;5;249md[0m[3
8;5;249mC[0m[38;5;249mo[0m[38;5;249mm[0m[38;5;249mp[0m[38;5;249ma[0m[38;5;249mr[0m[38;5;249mi[0m[38;5;249
ms[0m[38;5;249mo[0m[38;5;249mn[0m[38;5;249m,[0m[38;5;249m [0m[38;5;249mb[0m[38;5;249mu[0m[38;5;249mi[0m
[38;5;249ml[0m[38;5;249md[0m[38;5;249mL[0m[38;5;249mi[0m[38;5;249mf[0m[38;5;249me[0m[38;5;249ms[0m[38;5;2
49mt[0m[38;5;249my[0m[38;5;249ml[0m[38;5;249me[0m[38;5;249mI[0m[38;5;249mm[0m[38;5;249mp[0m[38;5;249mr[0
m[38;5;249mo[0m[38;5;249mv[0m[38;5;249me[0m[38;5;249mm[0m[38;5;249me[0m[38;5;249mn[0m[38;5;249mt[0m[38;5
;249mD[0m[38;5;249ma[0m[38;5;249mt[0m[38;5;249ma[0m[38;5;249m,[0m[38;5;249m 
[0mbuildTrendData[38;5;249m,[0m[38;5;249m [0m[38;5;249mc[0m[38;5;249mo[0m[38;5;249mm[0m[38;5;249mp[0m[38;
5;249mu[0m[38;5;249mt[0m[38;5;249me[0m[38;5;249mB[0m[38;5;249mm[0m[38;5;249mi[0m[38;5;249m,[0m[38;5;249m 
[0m[38;5;249mg[0m[38;5;249me[0m[38;5;249mn[0m[38;5;249me[0m[38;5;249mr[0m[38;5;249ma[0m[38;5;249mt[0m[3
8;5;249me[0m[38;5;249mR[0m[38;5;249me[0m[38;5;249mc[0m[38;5;249mo[0m[38;5;249mm[0m[38;5;249mm[0m[38;5;249
me[0m[38;5;249mn[0m[38;5;249md[0m[38;5;249ma[0m[38;5;249mt[0m[38;5;249mi[0m[38;5;249mo[0m[38;5;249mn[0m
[38;5;249ms[0m[38;5;249m,[0m[38;5;249m [0m[38;5;249mr[0m[38;5;249mu[0m[38;5;249mn[0m[38;5;249mS[0m[38;5;2
49mi[0m[38;5;249mm[0m[38;5;249mu[0m[38;5;249ml[0m[38;5;249ma[0m[38;5;249mt[0m[38;5;249mi[0m[38;5;249mo[0
m[38;5;249mn[0m[38;5;249m,[0m[38;5;249m [0m[38;5;249ms[0m[38;5;249ma[0m[38;5;249mv[0m[38;5;249me[0m[38;5
;249mS[0m[38;5;249mi[0m[38;5;249mm[0m[38;5;249mu[0m[38;5;249ml[0m[38;5;249ma[0m[38;5;249mt[0m[38;5;249mi
[0m[38;5;249mo[0m[38;5;249mn[0m[38;5;249mS[0m[38;5;249mn[0m[38;5;249ma[0m[38;5;249mp[0m[38;5;249ms[0m[38
;5;249mh[0m[38;5;249mo[0m[38;5;249mt[0m[38;5;249m [0m[38;5;249m}[0m[38;5;249m 
[0m[38;5;249mf[0m[38;5;249mr[0m[38;5;249mo[0m[38;5;249mm[0m[38;5;249m [0m[38;5;249m"[0m[38;5;249m.[0m[3
8;5;249m.[0m[38;5;249m/[0m[38;5;249m.[0m[38;5;249m.[0m[38;5;249m/[0m[38;5;249ms[0m[38;5;249me[0m[38;5;249
mr[0m[38;5;249mv[0m[38;5;249mi[0m[38;5;249mc[0m[38;5;249me[0m[38;5;249ms[0m[38;5;249m/[0m[38;5;249ms[0m
[38;5;249mi[0m[38;5;249mm[0m[38;5;249mu[0m[38;5;249ml[0m[38;5;249ma[0m[38;5;249mt[0m[38;5;249mo[0m[38;5;2
49mr[0m[38;5;249mS[0m[38;5;249me[0m[38;5;249mr[0m[38;5;249mv[0m[38;5;249mi[0m[38;5;249mc[0m[38;5;249me[0
m[38;5;249m"[0m[38;5;249m;[0m
 [38;5;240m   Γöé[0m                                                          
ΓöÇΓöÇΓöÇΓöÇΓöÇΓöÇΓöÇΓö¼ΓöÇΓöÇΓöÇΓöÇΓöÇΓöÇ  
 [38;5;240m   Γöé[0m                                                                 Γò░ΓöÇΓöÇΓöÇΓöÇΓöÇΓöÇΓöÇΓöÇ 
Missing export
[38;5;246mΓöÇΓöÇΓöÇΓöÇΓò»[0m

[31m[MISSING_EXPORT] [0m"computeBmi" is not exported by "src/services/simulatorService.js".
    [38;5;246mΓò¡[0m[38;5;246mΓöÇ[0m[38;5;246m[[0m src/pages/Simulator/HealthSimulatorPage.jsx:13:74 
[38;5;246m][0m
    [38;5;246mΓöé[0m
 [38;5;246m13 Γöé[0m 
[38;5;249mi[0m[38;5;249mm[0m[38;5;249mp[0m[38;5;249mo[0m[38;5;249mr[0m[38;5;249mt[0m[38;5;249m 
[0m[38;5;249m{[0m[38;5;249m [0m[38;5;249mb[0m[38;5;249mu[0m[38;5;249mi[0m[38;5;249ml[0m[38;5;249md[0m[3
8;5;249mC[0m[38;5;249mo[0m[38;5;249mm[0m[38;5;249mp[0m[38;5;249ma[0m[38;5;249mr[0m[38;5;249mi[0m[38;5;249
ms[0m[38;5;249mo[0m[38;5;249mn[0m[38;5;249m,[0m[38;5;249m [0m[38;5;249mb[0m[38;5;249mu[0m[38;5;249mi[0m
[38;5;249ml[0m[38;5;249md[0m[38;5;249mL[0m[38;5;249mi[0m[38;5;249mf[0m[38;5;249me[0m[38;5;249ms[0m[38;5;2
49mt[0m[38;5;249my[0m[38;5;249ml[0m[38;5;249me[0m[38;5;249mI[0m[38;5;249mm[0m[38;5;249mp[0m[38;5;249mr[0
m[38;5;249mo[0m[38;5;249mv[0m[38;5;249me[0m[38;5;249mm[0m[38;5;249me[0m[38;5;249mn[0m[38;5;249mt[0m[38;5
;249mD[0m[38;5;249ma[0m[38;5;249mt[0m[38;5;249ma[0m[38;5;249m,[0m[38;5;249m [0m[38;5;249mb[0m[38;5;249mu
[0m[38;5;249mi[0m[38;5;249ml[0m[38;5;249md[0m[38;5;249mT[0m[38;5;249mr[0m[38;5;249me[0m[38;5;249mn[0m[38
;5;249md[0m[38;5;249mD[0m[38;5;249ma[0m[38;5;249mt[0m[38;5;249ma[0m[38;5;249m,[0m[38;5;249m 
[0mcomputeBmi[38;5;249m,[0m[38;5;249m [0m[38;5;249mg[0m[38;5;249me[0m[38;5;249mn[0m[38;5;249me[0m[38;5;24
9mr[0m[38;5;249ma[0m[38;5;249mt[0m[38;5;249me[0m[38;5;249mR[0m[38;5;249me[0m[38;5;249mc[0m[38;5;249mo[0m
[38;5;249mm[0m[38;5;249mm[0m[38;5;249me[0m[38;5;249mn[0m[38;5;249md[0m[38;5;249ma[0m[38;5;249mt[0m[38;5;
249mi[0m[38;5;249mo[0m[38;5;249mn[0m[38;5;249ms[0m[38;5;249m,[0m[38;5;249m [0m[38;5;249mr[0m[38;5;249mu[
0m[38;5;249mn[0m[38;5;249mS[0m[38;5;249mi[0m[38;5;249mm[0m[38;5;249mu[0m[38;5;249ml[0m[38;5;249ma[0m[38;
5;249mt[0m[38;5;249mi[0m[38;5;249mo[0m[38;5;249mn[0m[38;5;249m,[0m[38;5;249m [0m[38;5;249ms[0m[38;5;249ma
[0m[38;5;249mv[0m[38;5;249me[0m[38;5;249mS[0m[38;5;249mi[0m[38;5;249mm[0m[38;5;249mu[0m[38;5;249ml[0m[3
8;5;249ma[0m[38;5;249mt[0m[38;5;249mi[0m[38;5;249mo[0m[38;5;249mn[0m[38;5;249mS[0m[38;5;249mn[0m[38;5;249
ma[0m[38;5;249mp[0m[38;5;249ms[0m[38;5;249mh[0m[38;5;249mo[0m[38;5;249mt[0m[38;5;249m 
[0m[38;5;249m}[0m[38;5;249m [0m[38;5;249mf[0m[38;5;249mr[0m[38;5;249mo[0m[38;5;249mm[0m[38;5;249m [0m[3
8;5;249m"[0m[38;5;249m.[0m[38;5;249m.[0m[38;5;249m/[0m[38;5;249m.[0m[38;5;249m.[0m[38;5;249m/[0m[38;5;249
ms[0m[38;5;249me[0m[38;5;249mr[0m[38;5;249mv[0m[38;5;249mi[0m[38;5;249mc[0m[38;5;249me[0m[38;5;249ms[0m
[38;5;249m/[0m[38;5;249ms[0m[38;5;249mi[0m[38;5;249mm[0m[38;5;249mu[0m[38;5;249ml[0m[38;5;249ma[0m[38;5;2
49mt[0m[38;5;249mo[0m[38;5;249mr[0m[38;5;249mS[0m[38;5;249me[0m[38;5;249mr[0m[38;5;249mv[0m[38;5;249mi[0
m[38;5;249mc[0m[38;5;249me[0m[38;5;249m"[0m[38;5;249m;[0m
 [38;5;240m   Γöé[0m                                                                          
ΓöÇΓöÇΓöÇΓöÇΓöÇΓö¼ΓöÇΓöÇΓöÇΓöÇ  
 [38;5;240m   Γöé[0m                                                                               
Γò░ΓöÇΓöÇΓöÇΓöÇΓöÇΓöÇ Missing export
[38;5;246mΓöÇΓöÇΓöÇΓöÇΓò»[0m

...[31m
    at aggregateBindingErrorsIntoJsError 
(file:///E:/Career%20Projects/MediPredict-Plus/client/node_modules/rolldown/dist/shared/error-B68YLzl3.mjs:48:18)
    at unwrapBindingResult 
(file:///E:/Career%20Projects/MediPredict-Plus/client/node_modules/rolldown/dist/shared/error-B68YLzl3.mjs:18:128)
    at #build (file:///E:/Career%20Projects/MediPredict-Plus/client/node_modules/rolldown/dist/shared/rolldown-build-DR
0wzp0V.mjs:3256:34)
    at async buildEnvironment 
(file:///E:/Career%20Projects/MediPredict-Plus/client/node_modules/vite/dist/node/chunks/node.js:32593:66)
    at async Object.build 
(file:///E:/Career%20Projects/MediPredict-Plus/client/node_modules/vite/dist/node/chunks/node.js:33015:19)
    at async Object.buildApp 
(file:///E:/Career%20Projects/MediPredict-Plus/client/node_modules/vite/dist/node/chunks/node.js:33012:153)
    at async CAC.<anonymous> 
(file:///E:/Career%20Projects/MediPredict-Plus/client/node_modules/vite/dist/node/cli.js:777:3) {
  errors: [Getter/Setter]
}[39m
